
 Start  Stop   Length Name                   Class
 00000H 0AB5DH 0AB5EH S1_CODE                BC_CODE
 0AB60H 14FAFH 0A450H S2_CODE                BC_CODE
 14FB0H 1EA8DH 09ADEH S3_CODE                BC_CODE
 1EA90H 2EA64H 0FFD5H S4_CODE                BC_CODE
 2EA66H 2EAB6H 00051H EXIST_TEXT             CODE
 2EAB8H 2EB16H 0005FH FCOUNT_TEXT            CODE
 2EB18H 2EB28H 00011H GETDRIVE_TEXT          CODE
 2EB2AH 2EB37H 0000EH HIDECSR_TEXT           CODE
 2EB38H 2EF31H 003FAH MAMENU_TEXT            CODE
 2EF32H 2EF3FH 0000EH SHOWCSR_TEXT           CODE
 2EF40H 2F110H 001D1H DOSERROR_TEXT          CODE
 2F112H 2F166H 00055H EXTERNAL_TEXT          CODE
 2F168H 2F1A0H 00039H FARSTR_TEXT            CODE
 2F1A2H 2F1C2H 00021H INITMOUS_TEXT          CODE
 2F1C4H 2F28AH 000C7H MONITOR_TEXT           CODE
 2F28CH 2F2DAH 0004FH MPIXEL_TEXT            CODE
 2F2DCH 2F2F8H 0001DH PUTSTRNG_TEXT          CODE
 2F2FAH 2F318H 0001FH REPSTOSW_TEXT          CODE
 2F320H 2FE3BH 00B1CH _TEXT                  CODE
 2FE3CH 30759H 0091EH LOADRTM                CODE
 3075AH 3075AH 00000H C_ETEXT                ENDCODE
 30760H 30760H 00000H FDATA                  FAR_DATA
 30760H 31D85H 01626H FSL_CONST              FAR_DATA
 31D90H 31D90H 00000H FDATA                  FAR_DATA
 31D90H 32C39H 00EAAH FSL_CONST              FAR_DATA
 32C40H 32C40H 00000H FDATA                  FAR_DATA
 32C40H 35A47H 02E08H FSL_CONST              FAR_DATA
 35A50H 35A50H 00000H FDATA                  FAR_DATA
 35A50H 35A6FH 00020H FSL_CONST              FAR_DATA
 35A70H 3726FH 01800H BR_DATA                BLANK
 37270H 37270H 00000H BR_SKYS                BLANK
 37270H 3D021H 05DB2H COMMON                 BLANK
 3D022H 3F111H 020F0H BC_DATA                BC_DATA
 3F112H 3F113H 00002H NMALLOC                BC_VARS
 3F114H 3F115H 00002H ENMALLOC               BC_VARS
 3F116H 3F116H 00000H BC_FT                  BC_SEGS
 3F120H 402F9H 011DAH BC_CN                  BC_SEGS
 40300H 404F2H 001F3H BC_DS                  BC_SEGS
 404F4H 404F4H 00000H BC_SAB                 BC_SEGS
 404F4H 40503H 00010H BC_SA                  BC_SEGS
 40504H 40507H 00004H BC_SAE                 BC_SEGS
 40508H 405D5H 000CEH _DATA                  DATA
 405D6H 405D9H 00004H _BSS                   DATA
 405DAH 405E7H 0000EH CDATA                  DATA
 405E8H 405E9H 00002H XIQC                   DATA
 405EAH 405EAH 00000H XIFB                   DATA
 405EAH 405EAH 00000H XIF                    DATA
 405EAH 405EAH 00000H XIFE                   DATA
 405EAH 405EAH 00000H XIFCB                  DATA
 405EAH 405EAH 00000H XIFCE                  DATA
 405EAH 405EAH 00000H XIB                    DATA
 405EAH 405EAH 00000H XI                     DATA
 405EAH 405EAH 00000H XIE                    DATA
 405EAH 405EAH 00000H XPB                    DATA
 405EAH 405EAH 00000H XP                     DATA
 405EAH 405EAH 00000H XPE                    DATA
 405EAH 405EAH 00000H XCB                    DATA
 405EAH 405EDH 00004H XC                     DATA
 405EEH 405EEH 00000H XCE                    DATA
 405EEH 405EEH 00000H XCFB                   DATA
 405EEH 405EEH 00000H XCFCRT                 DATA
 405EEH 405EEH 00000H XCF                    DATA
 405EEH 405EEH 00000H XCFE                   DATA
 405EEH 405EEH 00000H XECIB                  DATA
 405EEH 405EEH 00000H XECI                   DATA
 405EEH 405EEH 00000H XECIE                  DATA
 405EEH 405FBH 0000EH DBDATA                 DATA
 405FCH 405FCH 00000H XOB                    BSS
 405FCH 405FCH 00000H XO                     BSS
 405FCH 405FCH 00000H XOE                    BSS
 40600H 415FFH 01000H STACK                  STACK

 Origin   Group
 35A7:0   DGROUP

Program entry point at 2FE3:011D
