
 Start  Stop   Length Name                   Class
 00000H 0AB5DH 0AB5EH S1_CODE                BC_CODE
 0AB60H 14FB9H 0A45AH S2_CODE                BC_CODE
 14FC0H 1EA9DH 09ADEH S3_CODE                BC_CODE
 1EAA0H 2EA74H 0FFD5H S4_CODE                BC_CODE
 2EA76H 2EAC6H 00051H EXIST_TEXT             CODE
 2EAC8H 2EB26H 0005FH FCOUNT_TEXT            CODE
 2EB28H 2EB38H 00011H GETDRIVE_TEXT          CODE
 2EB3AH 2EB47H 0000EH HIDECSR_TEXT           CODE
 2EB48H 2EF41H 003FAH MAMENU_TEXT            CODE
 2EF42H 2EF4FH 0000EH SHOWCSR_TEXT           CODE
 2EF50H 2F120H 001D1H DOSERROR_TEXT          CODE
 2F122H 2F176H 00055H EXTERNAL_TEXT          CODE
 2F178H 2F1B0H 00039H FARSTR_TEXT            CODE
 2F1B2H 2F1D2H 00021H INITMOUS_TEXT          CODE
 2F1D4H 2F29AH 000C7H MONITOR_TEXT           CODE
 2F29CH 2F2EAH 0004FH MPIXEL_TEXT            CODE
 2F2ECH 2F308H 0001DH PUTSTRNG_TEXT          CODE
 2F30AH 2F328H 0001FH REPSTOSW_TEXT          CODE
 2F330H 2FE4BH 00B1CH _TEXT                  CODE
 2FE4CH 30769H 0091EH LOADRTM                CODE
 3076AH 3076AH 00000H C_ETEXT                ENDCODE
 30770H 30770H 00000H FDATA                  FAR_DATA
 30770H 31D95H 01626H FSL_CONST              FAR_DATA
 31DA0H 31DA0H 00000H FDATA                  FAR_DATA
 31DA0H 32C49H 00EAAH FSL_CONST              FAR_DATA
 32C50H 32C50H 00000H FDATA                  FAR_DATA
 32C50H 35A57H 02E08H FSL_CONST              FAR_DATA
 35A60H 35A60H 00000H FDATA                  FAR_DATA
 35A60H 35A7FH 00020H FSL_CONST              FAR_DATA
 35A80H 3727FH 01800H BR_DATA                BLANK
 37280H 37280H 00000H BR_SKYS                BLANK
 37280H 3D031H 05DB2H COMMON                 BLANK
 3D032H 3F121H 020F0H BC_DATA                BC_DATA
 3F122H 3F123H 00002H NMALLOC                BC_VARS
 3F124H 3F125H 00002H ENMALLOC               BC_VARS
 3F126H 3F126H 00000H BC_FT                  BC_SEGS
 3F130H 40309H 011DAH BC_CN                  BC_SEGS
 40310H 40502H 001F3H BC_DS                  BC_SEGS
 40504H 40504H 00000H BC_SAB                 BC_SEGS
 40504H 40513H 00010H BC_SA                  BC_SEGS
 40514H 40517H 00004H BC_SAE                 BC_SEGS
 40518H 405E5H 000CEH _DATA                  DATA
 405E6H 405E9H 00004H _BSS                   DATA
 405EAH 405F7H 0000EH CDATA                  DATA
 405F8H 405F9H 00002H XIQC                   DATA
 405FAH 405FAH 00000H XIFB                   DATA
 405FAH 405FAH 00000H XIF                    DATA
 405FAH 405FAH 00000H XIFE                   DATA
 405FAH 405FAH 00000H XIFCB                  DATA
 405FAH 405FAH 00000H XIFCE                  DATA
 405FAH 405FAH 00000H XIB                    DATA
 405FAH 405FAH 00000H XI                     DATA
 405FAH 405FAH 00000H XIE                    DATA
 405FAH 405FAH 00000H XPB                    DATA
 405FAH 405FAH 00000H XP                     DATA
 405FAH 405FAH 00000H XPE                    DATA
 405FAH 405FAH 00000H XCB                    DATA
 405FAH 405FDH 00004H XC                     DATA
 405FEH 405FEH 00000H XCE                    DATA
 405FEH 405FEH 00000H XCFB                   DATA
 405FEH 405FEH 00000H XCFCRT                 DATA
 405FEH 405FEH 00000H XCF                    DATA
 405FEH 405FEH 00000H XCFE                   DATA
 405FEH 405FEH 00000H XECIB                  DATA
 405FEH 405FEH 00000H XECI                   DATA
 405FEH 405FEH 00000H XECIE                  DATA
 405FEH 4060BH 0000EH DBDATA                 DATA
 4060CH 4060CH 00000H XOB                    BSS
 4060CH 4060CH 00000H XO                     BSS
 4060CH 4060CH 00000H XOE                    BSS
 40610H 4160FH 01000H STACK                  STACK

 Origin   Group
 35A8:0   DGROUP

Program entry point at 2FE4:011D
