                         LEAGUE STANDINGS

    EAST     DIVISION

                   W    L     PCT   GB
    DENVER.76     68   14   0.829   ---
    NY_NETS.76    54   28   0.659   14
    INDIANA.76    40   44   0.476   29
    UTAH.76       36   48   0.429   33
    SAN_DIEG.76   26   59   0.306   43 1/2

    WEST     DIVISION

                   W    L     PCT   GB
    SAN_ANTO.76   55   28   0.663   ---
    KENTUCKY.76   42   43   0.494   14
    ST_LOUIS.76   33   50   0.398   22
    VIRGINIA.76   22   62   0.262   33 1/2

             DIVISION

                   W    L     PCT   GB

             DIVISION

                   W    L     PCT   GB

FIELD GOAL % (MIN 5 FGA/G)              FREE THROW % (MIN 2 FTA/G)

                            PCT   FGA                               PCT   FTA
B.JONES, 76 DENVER         57.0   909   EAKINS, 76 UTAH            93.2   909
GILMORE, 76 KENTUCKY       55.6  1400   MCFARLAND, 76 SAN DIEGO    93.1  1400
C.WILLIAMS, 76 DENVER      54.2   603   EAKINS, 76 VIRGINIA        92.7   603
OLBERDING, 76 SAN ANTONIO  53.8   533   CALVIN, 76 VIRGINIA        92.3   533
ISSEL, 76 DENVER           53.4  1522   DENTON, 76 UTAH            92.0  1522
ROCHE, 76 UTAH             53.0  1036   WARREN, 76 SAN DIEGO       91.2  1036
BECK, 76 DENVER            52.3   583   ROBISCH, 76 SAN DIEGO      90.2   583
GERVIN, 76 SAN ANTONIO     52.1  1330   EAKINS, 76 NY NETS         89.3  1330
ERVING, 76 NY NETS         52.0  1854   SILAS, 76 SAN ANTONIO      87.9  1854
SIMPSON, 76 DENVER         51.9  1132   BOONE, 76 ST.LOUIS         87.8  1132
SILAS, 76 SAN ANTONIO      51.2  1259   SKINNER, 76 NY NETS        87.1  1259
W.JONES, 76 KENTUCKY       50.8   901   NEUMANN, 76 VIRGINIA       85.9   901
NATER, 76 NY NETS          50.7   367   VAN B.KOLF, 76 VIRGINIA    85.0   367
MALONE, 76 ST.LOUIS        50.6   528   GERVIN, 76 SAN ANTONIO     84.4   528
B.TAYLOR, 76 NY NETS       50.5   649   BOONE, 76 UTAH             84.3   649
THOMPSON, 76 DENVER        50.1  1544   ROBISCH, 76 INDIANA        83.8  1544
BOONE, 76 ST.LOUIS         49.8  1182   LAMAR, 76 SAN DIEGO        83.8  1182
DAMPIER, 76 KENTUCKY       49.6   906   ISSEL, 76 DENVER           83.8   906
HUGHES, 76 NY NETS         49.5   650   S.GREEN, 76 VIRGINIA       83.4   650
OLBERDING, 76 SAN DIEGO    49.4  1075   KNIGHT, 76 INDIANA         83.1  1075

SCORING                                 TOTAL POINTS
ERVING, 76 NY NETS               31.6   ERVING, 76 NY NETS               2589
ISSEL, 76 DENVER                 26.4   ISSEL, 76 DENVER                 2161
KNIGHT, 76 INDIANA               26.0   GILMORE, 76 KENTUCKY             2153
THOMPSON, 76 DENVER              25.8   THOMPSON, 76 DENVER              2119
GILMORE, 76 KENTUCKY             25.3   KNIGHT, 76 INDIANA               2109
BOONE, 76 UTAH                   24.3   BOONE, 76 UTAH                   2045
SILAS, 76 SAN ANTONIO            22.6   SILAS, 76 SAN ANTONIO            1876
GERVIN, 76 SAN ANTONIO           21.6   GERVIN, 76 SAN ANTONIO           1752
BARNES, 76 ST.LOUIS              21.3   KENON, 76 SAN ANTONIO            1621
KENON, 76 SAN ANTONIO            19.5   DENTON, 76 UTAH                  1518
LUCAS, 76 ST.LOUIS               19.2   PAULTZ, 76 SAN ANTONIO           1511
BOONE, 76 ST.LOUIS               18.8   BARNES, 76 ST.LOUIS              1509
DENTON, 76 UTAH                  18.5   SIMPSON, 76 DENVER               1485
PAULTZ, 76 SAN ANTONIO           18.2   C.JONES, 76 SAN DIEGO            1432
LAMAR, 76 SAN DIEGO              18.2   BOONE, 76 ST.LOUIS               1427
SIMPSON, 76 DENVER               18.1   AVERITT, 76 KENTUCKY             1403
C.JONES, 76 SAN DIEGO            17.3   ROBISCH, 76 SAN DIEGO            1314
BURDEN, 76 VIRGINIA              16.8   ROCHE, 76 UTAH                   1281
AVERITT, 76 KENTUCKY             16.7   BURDEN, 76 VIRGINIA              1280
CALVIN, 76 VIRGINIA              15.9   B.JONES, 76 DENVER               1277

STEALS PER GAME                         STEALS
ERVING, 76 NY NETS                2.5   BUSE, 76 INDIANA                  204
BUSE, 76 INDIANA                  2.4   ERVING, 76 NY NETS                202
B.TAYLOR, 76 NY NETS              2.4   ROBISCH, 76 SAN DIEGO             186
ROBISCH, 76 SAN DIEGO             2.2   B.JONES, 76 DENVER                176
B.JONES, 76 DENVER                2.2   F.TAYLOR, 76 VIRGINIA             150
F.TAYLOR, 76 VIRGINIA             1.9   BOONE, 76 UTAH                    146
BOONE, 76 UTAH                    1.7   AVERITT, 76 KENTUCKY              136
MCCLAIN, 76 NY NETS               1.7   SILAS, 76 SAN ANTONIO             135
MCCLAIN, 76 KENTUCKY              1.7   SIMPSON, 76 DENVER                132
BOONE, 76 ST.LOUIS                1.7   THOMPSON, 76 DENVER               131

ASSISTS PER GAME                        ASSISTS
SIMPSON, 76 DENVER                6.6   SIMPSON, 76 DENVER                540
BUSE, 76 INDIANA                  5.6   BUSE, 76 INDIANA                  474
SILAS, 76 SAN ANTONIO             5.3   SILAS, 76 SAN ANTONIO             436
ROCHE, 76 UTAH                    5.0   ROCHE, 76 UTAH                    424
PAULTZ, 76 SAN ANTONIO            4.6   PAULTZ, 76 SAN ANTONIO            379
DAMPIER, 76 KENTUCKY              4.4   DAMPIER, 76 KENTUCKY              374
B.JONES, 76 DENVER                4.4   B.JONES, 76 DENVER                356
MCCLAIN, 76 KENTUCKY              4.2   ERVING, 76 NY NETS                335
JOYCE, 76 SAN DIEGO               4.1   MCFARLAND, 76 SAN DIEGO           328
ERVING, 76 NY NETS                4.1   JOYCE, 76 SAN DIEGO               327

THREE FIELD GOAL %                      MINUTES PER GAME
B.TAYLOR, 76 NY NETS             43.4   BOONE, 76 UTAH                   38.5
LAMAR, 76 SAN DIEGO              41.5   PAULTZ, 76 SAN ANTONIO           38.4
DAMPIER, 76 KENTUCKY             41.0   DENTON, 76 UTAH                  38.0
KELLER, 76 INDIANA               40.1   EAKINS, 76 UTAH                  37.7
BUSE, 76 INDIANA                 39.9   ERVING, 76 NY NETS               37.5
ROCHE, 76 UTAH                   39.4   THOMPSON, 76 DENVER              37.0
ERVING, 76 NY NETS               38.8   KENON, 76 SAN ANTONIO            36.5
AVERITT, 76 KENTUCKY             37.9   ROBISCH, 76 SAN DIEGO            36.4
NEUMANN, 76 VIRGINIA             33.0   ISSEL, 76 DENVER                 36.0
NEUMANN, 76 KENTUCKY             32.1   KNIGHT, 76 INDIANA               35.8

THREE POINT FIELD GOALS MADE            MINUTES
KELLER, 76 INDIANA                114   BOONE, 76 UTAH                   3233
BUSE, 76 INDIANA                   69   PAULTZ, 76 SAN ANTONIO           3184
AVERITT, 76 KENTUCKY               58   EAKINS, 76 UTAH                  3164
NEUMANN, 76 VIRGINIA               58   DENTON, 76 UTAH                  3113
ROCHE, 76 UTAH                     50   ROBISCH, 76 SAN DIEGO            3093
ERVING, 76 NY NETS                 38   ERVING, 76 NY NETS               3077
LAMAR, 76 INDIANA                  34   THOMPSON, 76 DENVER              3034
DAMPIER, 76 KENTUCKY               34   KENON, 76 SAN ANTONIO            3028
NEUMANN, 76 KENTUCKY               34   GILMORE, 76 KENTUCKY             3000
LAMAR, 76 SAN DIEGO                34   ISSEL, 76 DENVER                 2949


REBOUNDS PER GAME                       REBOUNDS
GILMORE, 76 KENTUCKY             13.5   GILMORE, 76 KENTUCKY             1149
DENTON, 76 UTAH                  13.1   DENTON, 76 UTAH                  1076
ISSEL, 76 DENVER                 11.7   ROBISCH, 76 SAN DIEGO             980
ROBISCH, 76 SAN DIEGO            11.5   ISSEL, 76 DENVER                  961
C.JONES, 76 SAN DIEGO            11.2   C.JONES, 76 SAN DIEGO             931
KENON, 76 SAN ANTONIO            10.2   KENON, 76 SAN ANTONIO             850
ERVING, 76 NY NETS               10.2   ERVING, 76 NY NETS                834
ELMORE, 76 INDIANA               10.1   PAULTZ, 76 SAN ANTONIO            833
NATER, 76 VIRGINIA               10.1   B.JONES, 76 DENVER                809
PAULTZ, 76 SAN ANTONIO           10.0   EAKINS, 76 UTAH                   803

BLOCKS PER GAME                         BLOCKS
C.JONES, 76 SAN DIEGO             3.4   C.JONES, 76 SAN DIEGO             964
PAULTZ, 76 SAN ANTONIO            3.1   PAULTZ, 76 SAN ANTONIO            815
GILMORE, 76 KENTUCKY              2.2   GILMORE, 76 KENTUCKY              813
ELMORE, 76 INDIANA                2.2   B.JONES, 76 DENVER                808
B.JONES, 76 DENVER                2.2   ELMORE, 76 INDIANA                778
C.JONES, 76 ST.LOUIS              2.1   ERVING, 76 NY NETS                773
ERVING, 76 NY NETS                1.8   C.JONES, 76 ST.LOUIS              697
BARNES, 76 ST.LOUIS               1.6   GERVIN, 76 SAN ANTONIO            693
GERVIN, 76 SAN ANTONIO            1.5   BARNES, 76 ST.LOUIS               645
HUGHES, 76 NY NETS                1.3   HUGHES, 76 NY NETS                643

FIELD GOALS MADE                        FREE THROWS MADE
ERVING, 76 NY NETS                964   ERVING, 76 NY NETS                623
BOONE, 76 UTAH                    815   GILMORE, 76 KENTUCKY              597
ISSEL, 76 DENVER                  813   SILAS, 76 SAN ANTONIO             586
KNIGHT, 76 INDIANA                808   THOMPSON, 76 DENVER               570
GILMORE, 76 KENTUCKY              778   ISSEL, 76 DENVER                  534
THOMPSON, 76 DENVER               773   KNIGHT, 76 INDIANA                486
KENON, 76 SAN ANTONIO             697   EAKINS, 76 UTAH                   439
GERVIN, 76 SAN ANTONIO            693   ROBISCH, 76 SAN DIEGO             424
SILAS, 76 SAN ANTONIO             645   BOONE, 76 UTAH                    408
C.JONES, 76 SAN DIEGO             643   ROBISCH, 76 INDIANA               353

FOULS PER GAME                          FOULS
HILLMAN, 76 INDIANA               4.4   OLBERDING, 76 SAN DIEGO           363
OLBERDING, 76 SAN DIEGO           4.3   HILLMAN, 76 INDIANA               341
C.JONES, 76 SAN DIEGO             4.1   C.JONES, 76 SAN DIEGO             337
C.JONES, 76 KENTUCKY              4.0   DENTON, 76 UTAH                   326
DENTON, 76 UTAH                   4.0   EAKINS, 76 UTAH                   325
EAKINS, 76 UTAH                   3.9   S.GREEN, 76 VIRGINIA              302
BRADLEY, 76 DENVER                3.7   W.JONES, 76 KENTUCKY              294
ELMORE, 76 INDIANA                3.7   GERVIN, 76 SAN ANTONIO            293
GERVIN, 76 SAN ANTONIO            3.6   WARREN, 76 SAN DIEGO              291
S.GREEN, 76 VIRGINIA              3.6   ELMORE, 76 INDIANA                289

MOST VALUABLE PLAYER
ERVING, 76 NY NETS               3938
GILMORE, 76 KENTUCKY             3294
ISSEL, 76 DENVER                 3185
KNIGHT, 76 INDIANA               3126
THOMPSON, 76 DENVER              2907
PAULTZ, 76 SAN ANTONIO           2888
SIMPSON, 76 DENVER               2761
B.JONES, 76 DENVER               2751
BOONE, 76 UTAH                   2712
DENTON, 76 UTAH                  2695


                         OFFENSIVE TOTALS
             G  FGA  FGM  PCT  FTA  FTM  PCT  REB  AST   PF STL BLK   PTS   AVG
76 DENVER   82 7890 4022 .510 2909 2261 .777 4785 2331 1677 847 555 10347 126.2
76 SAN ANTO 83 7792 3850 .494 2572 2062 .802 4511 2048 1902 753 612  9788 117.9
76 INDIANA  84 8989 3827 .426 2419 1868 .772 5053 2078 1922 824 473  9782 116.5
76 NY NETS  82 8016 3761 .469 2450 1850 .755 4415 1760 1913 950 509  9498 115.8
76 UTAH     84 7939 3735 .470 2547 2087 .819 4300 1874 1947 666 222  9674 115.2
76 KENTUCKY 85 8073 3811 .472 2471 1812 .733 4737 2013 2063 681 525  9574 112.6
76 ST.LOUIS 83 8259 3743 .453 2048 1539 .751 4606 1856 2045 844 493  9096 109.6
76 VIRGINIA 84 8103 3433 .424 2297 1751 .762 4534 1662 2051 791 308  8716 103.8
76 SAN DIEG 85 8347 3530 .423 1964 1541 .785 4653 1691 2052 631 481  8666 102.0

                         DEFENSIVE TOTALS
             G  FGA  FGM  PCT  FTA  FTM  PCT  REB  AST   PF STL BLK   PTS   AVG
76 DENVER   82 8452 3657 .433 1841 1425 .774 4298 1799 2180 836 420  8847 107.9
76 NY NETS  82 7777 3475 .447 2425 1842 .760 4594 1860 1953 753 418  8890 108.4
76 KENTUCKY 85 8204 3580 .436 2728 2153 .789 4622 1782 2003 771 403  9410 110.7
76 SAN ANTO 83 8180 3661 .448 2319 1797 .775 4353 1839 2051 785 432  9225 111.1
76 SAN DIEG 85 8133 3730 .459 2590 1975 .763 4977 1954 1754 850 511  9577 112.7
76 ST.LOUIS 83 8029 3730 .465 2615 2042 .781 4640 1915 1816 842 494  9593 115.6
76 VIRGINIA 84 8053 3853 .478 2497 1914 .767 4765 1971 1863 957 497  9738 115.9
76 INDIANA  84 8214 4009 .488 2215 1731 .781 4697 2047 1912 699 521  9832 117.0
76 UTAH     84 8366 4017 .480 2447 1892 .773 4648 2146 2040 494 482 10029 119.4
