
 Start  Stop   Length Name                   Class
 00000H 06802H 06803H SCHEDULE_CODE          BC_CODE
 06810H 0A9DAH 041CBH QEDIT_CODE             BC_CODE
 0A9DCH 0AAE2H 00107H APRINT0_TEXT           CODE
 0AAE4H 0ABFBH 00118H APRINTT0_TEXT          CODE
 0ABFCH 0AC1CH 00021H ARRAYSIZ_TEXT          CODE
 0AC1EH 0AC42H 00025H ASCII_TEXT             CODE
 0AC44H 0AC6EH 0002BH BLANKS_TEXT            CODE
 0AC70H 0AE0AH 0019BH BOX0_TEXT              CODE
 0AE0CH 0AE42H 00037H BUTTONPR_TEXT          CODE
 0AE44H 0AE73H 00030H DELETSTR_TEXT          CODE
 0AE74H 0AE8BH 00018H DOSVER_TEXT            CODE
 0AE8CH 0B63AH 007AFH EDITHELP_TEXT          CODE
 0B63CH 0B68CH 00051H EXIST_TEXT             CODE
 0B68EH 0B6ECH 0005FH FCOUNT_TEXT            CODE
 0B6EEH 0B71BH 0002EH FINDLAST_TEXT          CODE
 0B71CH 0B72CH 00011H GETDRIVE_TEXT          CODE
 0B72EH 0B77EH 00051H GETVMODE_TEXT          CODE
 0B780H 0B78DH 0000EH HIDECSR_TEXT           CODE
 0B78EH 0B7AEH 00021H INITMOUS_TEXT          CODE
 0B7B0H 0B7F3H 00044H INSERTSTR_TEXT         CODE
 0B7F4H 0B828H 00035H KILLFILE_TEXT          CODE
 0B82AH 0BC23H 003FAH MAMENU_TEXT            CODE
 0BC24H 0BC3AH 00017H MAXINT_TEXT            CODE
 0BC3CH 0BC52H 00017H MININT_TEXT            CODE
 0BC54H 0BFE4H 00391H MMENUV_TEXT            CODE
 0BFE6H 0C0ACH 000C7H MONITOR_TEXT           CODE
 0C0AEH 0C163H 000B6H MPAINTBX_TEXT          CODE
 0C164H 0C22AH 000C7H MPREST_TEXT            CODE
 0C22CH 0C2F3H 000C8H MQPRINT_TEXT           CODE
 0C2F4H 0C455H 00162H MSCRNSR_TEXT           CODE
 0C456H 0C481H 0002CH NULL_TEXT              CODE
 0C482H 0C4A8H 00027H PAUSE_TEXT             CODE
 0C4AAH 0C4C2H 00019H PEEKBUF_TEXT           CODE
 0C4C4H 0C55FH 0009CH QINSTRB_TEXT           CODE
 0C560H 0C570H 00011H QPLEN_TEXT             CODE
 0C572H 0C606H 00095H QPRINTRC_TEXT          CODE
 0C608H 0C659H 00052H QPTRIM_TEXT            CODE
 0C65AH 0C6E3H 0008AH READFILE_TEXT          CODE
 0C6E4H 0C7E4H 00101H SCROLLD_TEXT           CODE
 0C7E6H 0C8E3H 000FEH SCROLLL_TEXT           CODE
 0C8E4H 0C9E2H 000FFH SCROLLR_TEXT           CODE
 0C9E4H 0CAE5H 00102H SCROLLU_TEXT           CODE
 0CAE6H 0CAF3H 0000EH SHOWCSR_TEXT           CODE
 0CAF4H 0CCD8H 001E5H SORTSTR_TEXT           CODE
 0CCDAH 0CD08H 0002FH SPLITCLR_TEXT          CODE
 0CD0AH 0CEDAH 001D1H DOSERROR_TEXT          CODE
 0CEDCH 0CF30H 00055H EXTERNAL_TEXT          CODE
 0CF32H 0CF6AH 00039H FARSTR_TEXT            CODE
 0CF6CH 0CFBAH 0004FH MPIXEL_TEXT            CODE
 0CFBCH 0CFD8H 0001DH PUTSTRNG_TEXT          CODE
 0CFDAH 0CFF8H 0001FH REPSTOSW_TEXT          CODE
 0CFFAH 0D013H 0001AH STOSBSUB_TEXT          CODE
 0D014H 0D02DH 0001AH STOSWSUB_TEXT          CODE
 0D030H 0DB4BH 00B1CH _TEXT                  CODE
 0DB4CH 0E469H 0091EH LOADRTM                CODE
 0E46AH 0E46AH 00000H C_ETEXT                ENDCODE
 0E470H 0E470H 00000H FDATA                  FAR_DATA
 0E470H 0F78BH 0131CH FSL_CONST              FAR_DATA
 0F790H 0F790H 00000H FDATA                  FAR_DATA
 0F790H 0F7D9H 0004AH FSL_CONST              FAR_DATA
 0F7E0H 10FDFH 01800H BR_DATA                BLANK
 10FE0H 10FE0H 00000H BR_SKYS                BLANK
 10FE0H 10FE0H 00000H COMMON                 BLANK
 10FE0H 138A9H 028CAH BC_DATA                BC_DATA
 138AAH 138ABH 00002H NMALLOC                BC_VARS
 138ACH 138ADH 00002H ENMALLOC               BC_VARS
 138AEH 138AEH 00000H BC_FT                  BC_SEGS
 138B0H 13C59H 003AAH BC_CN                  BC_SEGS
 13C60H 13C92H 00033H BC_DS                  BC_SEGS
 13C94H 13C94H 00000H BC_SAB                 BC_SEGS
 13C94H 13C9BH 00008H BC_SA                  BC_SEGS
 13C9CH 13C9FH 00004H BC_SAE                 BC_SEGS
 13CA0H 13D87H 000E8H _DATA                  DATA
 13D88H 13D8BH 00004H _BSS                   DATA
 13D8CH 13D99H 0000EH CDATA                  DATA
 13D9AH 13D9BH 00002H XIQC                   DATA
 13D9CH 13D9CH 00000H XIFB                   DATA
 13D9CH 13D9CH 00000H XIF                    DATA
 13D9CH 13D9CH 00000H XIFE                   DATA
 13D9CH 13D9CH 00000H XIFCB                  DATA
 13D9CH 13D9CH 00000H XIFCE                  DATA
 13D9CH 13D9CH 00000H XIB                    DATA
 13D9CH 13D9CH 00000H XI                     DATA
 13D9CH 13D9CH 00000H XIE                    DATA
 13D9CH 13D9CH 00000H XPB                    DATA
 13D9CH 13D9CH 00000H XP                     DATA
 13D9CH 13D9CH 00000H XPE                    DATA
 13D9CH 13D9CH 00000H XCB                    DATA
 13D9CH 13D9FH 00004H XC                     DATA
 13DA0H 13DA0H 00000H XCE                    DATA
 13DA0H 13DA0H 00000H XCFB                   DATA
 13DA0H 13DA0H 00000H XCFCRT                 DATA
 13DA0H 13DA0H 00000H XCF                    DATA
 13DA0H 13DA0H 00000H XCFE                   DATA
 13DA0H 13DA0H 00000H XECIB                  DATA
 13DA0H 13DA0H 00000H XECI                   DATA
 13DA0H 13DA0H 00000H XECIE                  DATA
 13DA0H 13DADH 0000EH DBDATA                 DATA
 13DAEH 13DAEH 00000H XOB                    BSS
 13DAEH 13DAEH 00000H XO                     BSS
 13DAEH 13DAEH 00000H XOE                    BSS
 13DB0H 14DAFH 01000H STACK                  STACK

 Origin   Group
 0F7E:0   DGROUP

Program entry point at 0DB4:011D
