                         LEAGUE STANDINGS

    EASTERN  DIVISION

                   W    L     PCT   GB
    BOSTON.62     53   27   0.663   ---
    PHILADEL.62   50   30   0.625    3
    SYRACUSE.62   47   33   0.587    6
    NEW_YORK.62   29   51   0.363   24

    WESTERN  DIVISION

                   W    L     PCT   GB
    DETROIT.62    45   35   0.563   ---
    CINCINNA.62   43   37   0.538 2
    LOS_ANGE.62   39   41   0.488 6
    ST_LOUIS.62   29   51   0.363   16
    CHICAGO.62    25   55   0.313   20

             DIVISION

                   W    L     PCT   GB

             DIVISION

                   W    L     PCT   GB

FIELD GOAL % (MIN 5 FGA/G)              FREE THROW % (MIN 2 FTA/G)

                            PCT   FGA                               PCT   FTA
BELLAMY, 62 CHICAGO        51.9  1877   SCHAYES, 62 SYRACUSE       90.2  1877
CHAMBERLAI, 62 PHILADELPHIA51.3  3292   ARIZIN, 62 PHILADELPHIA    83.7  3292
ROBERTSON, 62 CINCINNATI   49.1  1826   GUERIN, 62 NEW YORK        83.6  1826
HOWELL, 62 DETROIT         48.6  1215   HATTON, 62 CHICAGO         83.3  1215
A.JOHNSON, 62 CHICAGO      48.1   726   HEINSOHN, 62 BOSTON        83.2   726
TWYMAN, 62 CINCINNATI      47.8  1561   NAULLS, 62 NEW YORK        82.5  1561
HAGAN, 62 ST.LOUIS         47.8  1400   COSTELLO, 62 SYRACUSE      82.4  1400
RUSSELL, 62 BOSTON         47.4  1679   GAMBEE, 62 SYRACUSE        81.8  1679
LARUSSO, 62 LOS ANGELES    47.3  1033   LOVELLETTE, 62 ST.LOUIS    81.8  1033
MCMILLON, 62 ST.LOUIS      46.6   537   TWYMAN, 62 CINCINNATI      81.6   537
BOOZER, 62 CINCINNATI      46.1   979   RAMSEY, 62 BOSTON          81.6   979
S.JONES, 62 BOSTON         45.8  1256   S.JONES, 62 BOSTON         81.5  1256
OHL, 62 DETROIT            45.7  1184   MESCHERY, 62 PHILADELPHIA  80.9  1184
LOVELLETTE, 62 ST.LOUIS    45.7   904   FOUST, 62 ST.LOUIS         80.8   904
PETTIT, 62 ST.LOUIS        45.5  1919   HAGAN, 62 ST.LOUIS         80.3  1919
GREER, 62 SYRACUSE         45.1  1550   GREER, 62 SYRACUSE         80.2  1550
FERRY, 62 DETROIT          45.1   923   SHUE, 62 DETROIT           80.2   923
BUTLER, 62 NEW YORK        45.0   726   SELVY, 62 LOS ANGELES      78.6   726
EMBRY, 62 CINCINNATI       45.0  1290   WEST, 62 LOS ANGELES       78.4  1290
GUERIN, 62 NEW YORK        44.3  1879   PETTIT, 62 ST.LOUIS        78.2  1879

SCORING                                 TOTAL POINTS
CHAMBERLAIN, 62 PHILADELPHIA     53.2   CHAMBERLAIN, 62 PHILADELPHIA     4257
BAYLOR, 62 LOS ANGELES           35.7   BELLAMY, 62 CHICAGO              2475
BELLAMY, 62 CHICAGO              31.7   PETTIT, 62 ST.LOUIS              2464
PETTIT, 62 ST.LOUIS              31.2   ROBERTSON, 62 CINCINNATI         2413
ROBERTSON, 62 CINCINNATI         30.5   BAYLOR, 62 LOS ANGELES           2216
WEST, 62 LOS ANGELES             28.0   WEST, 62 LOS ANGELES             2209
GUERIN, 62 NEW YORK              27.8   GUERIN, 62 NEW YORK              2195
NAULLS, 62 NEW YORK              25.3   RUSSELL, 62 BOSTON               1933
RUSSELL, 62 BOSTON               24.2   NAULLS, 62 NEW YORK              1922
TWYMAN, 62 CINCINNATI            22.4   TWYMAN, 62 CINCINNATI            1794
GREER, 62 SYRACUSE               21.6   GREER, 62 SYRACUSE               1731
HEINSOHN, 62 BOSTON              20.9   HEINSOHN, 62 BOSTON              1675
HAGAN, 62 ST.LOUIS               20.8   HAGAN, 62 ST.LOUIS               1664
HOWELL, 62 DETROIT               20.1   HOWELL, 62 DETROIT               1607
EMBRY, 62 CINCINNATI             19.6   ARIZIN, 62 PHILADELPHIA          1562
ARIZIN, 62 PHILADELPHIA          19.5   EMBRY, 62 CINCINNATI             1531
SHUE, 62 DETROIT                 18.7   SHUE, 62 DETROIT                 1499
S.JONES, 62 BOSTON               17.8   S.JONES, 62 BOSTON               1388
LOVELLETTE, 62 ST.LOUIS          17.7   KERR, 62 SYRACUSE                1363
KERR, 62 SYRACUSE                17.0   LARUSSO, 62 LOS ANGELES          1338

STEALS PER GAME                         STEALS
BOCKHORN, 62 CINCINNATI           2.0   BOCKHORN, 62 CINCINNATI           156
BUTLER, 62 NEW YORK               1.9   SELVY, 62 LOS ANGELES             149
SELVY, 62 LOS ANGELES             1.9   ROBERTSON, 62 CINCINNATI          146
ROBERTSON, 62 CINCINNATI          1.8   SHUE, 62 DETROIT                  141
WEST, 62 LOS ANGELES              1.8   WEST, 62 LOS ANGELES              140
SHUE, 62 DETROIT                  1.8   GUERIN, 62 NEW YORK               130
GUERIN, 62 NEW YORK               1.6   COSTELLO, 62 SYRACUSE             120
COSTELLO, 62 SYRACUSE             1.5   OHL, 62 DETROIT                   117
OHL, 62 DETROIT                   1.5   RODGERS, 62 PHILADELPHIA          117
WILKENS, 62 ST.LOUIS              1.5   GREER, 62 SYRACUSE                116

ASSISTS PER GAME                        ASSISTS
ROBERTSON, 62 CINCINNATI          9.2   ROBERTSON, 62 CINCINNATI          729
RODGERS, 62 PHILADELPHIA          7.0   RODGERS, 62 PHILADELPHIA          558
COUSY, 62 BOSTON                  5.5   COUSY, 62 BOSTON                  436
SELVY, 62 LOS ANGELES             5.1   SELVY, 62 LOS ANGELES             404
GUERIN, 62 NEW YORK               5.0   GUERIN, 62 NEW YORK               397
COSTELLO, 62 SYRACUSE             5.0   COSTELLO, 62 SYRACUSE             392
GOLA, 62 PHILADELPHIA             4.9   BOCKHORN, 62 CINCINNATI           386
BOCKHORN, 62 CINCINNATI           4.8   SHUE, 62 DETROIT                  382
WEST, 62 LOS ANGELES              4.8   WEST, 62 LOS ANGELES              380
SHUE, 62 DETROIT                  4.8   GOLA, 62 PHILADELPHIA             365

THREE FIELD GOAL %                      MINUTES PER GAME
,                                 0.0   CHAMBERLAIN, 62 PHILADELPHIA     44.1
,                                 0.0   RUSSELL, 62 BOSTON               41.9
,                                 0.0   ROBERTSON, 62 CINCINNATI         41.4
,                                 0.0   WEST, 62 LOS ANGELES             39.2
,                                 0.0   BAYLOR, 62 LOS ANGELES           39.0
,                                 0.0   BELLAMY, 62 CHICAGO              38.5
,                                 0.0   GUERIN, 62 NEW YORK              38.4
,                                 0.0   PETTIT, 62 ST.LOUIS              37.4
,                                 0.0   TWYMAN, 62 CINCINNATI            37.3
,                                 0.0   SELVY, 62 LOS ANGELES            37.2

THREE POINT FIELD GOALS MADE            MINUTES
,                                   0   CHAMBERLAIN, 62 PHILADELPHIA     3530
,                                   0   RUSSELL, 62 BOSTON               3352
,                                   0   ROBERTSON, 62 CINCINNATI         3272
,                                   0   WEST, 62 LOS ANGELES             3094
,                                   0   GUERIN, 62 NEW YORK              3032
,                                   0   BELLAMY, 62 CHICAGO              3004
,                                   0   TWYMAN, 62 CINCINNATI            2982
,                                   0   SELVY, 62 LOS ANGELES            2977
,                                   0   PETTIT, 62 ST.LOUIS              2952
,                                   0   BOCKHORN, 62 CINCINNATI          2939


REBOUNDS PER GAME                       REBOUNDS
CHAMBERLAIN, 62 PHILADELPHIA     23.7   CHAMBERLAIN, 62 PHILADELPHIA     1893
RUSSELL, 62 BOSTON               22.9   RUSSELL, 62 BOSTON               1835
BELLAMY, 62 CHICAGO              16.5   BELLAMY, 62 CHICAGO              1289
PETTIT, 62 ST.LOUIS              15.0   PETTIT, 62 ST.LOUIS              1183
BAYLOR, 62 LOS ANGELES           14.6   KERR, 62 SYRACUSE                1123
KERR, 62 SYRACUSE                14.0   J.GREEN, 62 NEW YORK             1034
J.GREEN, 62 NEW YORK             12.9   BAYLOR, 62 LOS ANGELES            908
SCOTT, 62 DETROIT                11.6   EMBRY, 62 CINCINNATI              902
EMBRY, 62 CINCINNATI             11.6   SCOTT, 62 DETROIT                 897
NAULLS, 62 NEW YORK              11.1   HOWELL, 62 DETROIT                891

BLOCKS PER GAME                         BLOCKS
CHAMBERLAIN, 62 PHILADELPHIA      3.1   CHAMBERLAIN, 62 PHILADELPHIA     1688
RUSSELL, 62 BOSTON                2.9   RUSSELL, 62 BOSTON                975
EMBRY, 62 CINCINNATI              1.6   EMBRY, 62 CINCINNATI              897
JORDON, 62 NEW YORK               1.5   JORDON, 62 NEW YORK               873
BELLAMY, 62 CHICAGO               1.4   BELLAMY, 62 CHICAGO               832
PETTIT, 62 ST.LOUIS               1.4   PETTIT, 62 ST.LOUIS               818
KERR, 62 SYRACUSE                 1.3   KERR, 62 SYRACUSE                 796
KREBS, 62 LOS ANGELES             1.1   KREBS, 62 LOS ANGELES             786
FERRY, 62 DETROIT                 1.1   FERRY, 62 DETROIT                 781
DUKES, 62 DETROIT                 1.0   DUKES, 62 DETROIT                 746

FIELD GOALS MADE                        FREE THROWS MADE
CHAMBERLAIN, 62 PHILADELPHIA     1688   CHAMBERLAIN, 62 PHILADELPHIA      881
BELLAMY, 62 CHICAGO               975   PETTIT, 62 ST.LOUIS               718
ROBERTSON, 62 CINCINNATI          897   WEST, 62 LOS ANGELES              647
PETTIT, 62 ST.LOUIS               873   ROBERTSON, 62 CINCINNATI          619
GUERIN, 62 NEW YORK               832   BAYLOR, 62 LOS ANGELES            580
BAYLOR, 62 LOS ANGELES            818   GUERIN, 62 NEW YORK               531
RUSSELL, 62 BOSTON                796   BELLAMY, 62 CHICAGO               525
NAULLS, 62 NEW YORK               786   ARIZIN, 62 PHILADELPHIA           432
WEST, 62 LOS ANGELES              781   HOWELL, 62 DETROIT                427
TWYMAN, 62 CINCINNATI             746   EMBRY, 62 CINCINNATI              369

FOULS PER GAME                          FOULS
DUKES, 62 DETROIT                 4.4   DUKES, 62 DETROIT                 356
SANDERS, 62 BOSTON                4.3   SANDERS, 62 BOSTON                343
MESCHERY, 62 PHILADELPHIA         4.1   MESCHERY, 62 PHILADELPHIA         331
GOLA, 62 PHILADELPHIA             4.0   EMBRY, 62 CINCINNATI              309
EMBRY, 62 CINCINNATI              4.0   HEINSOHN, 62 BOSTON               301
HEINSOHN, 62 BOSTON               3.8   KREBS, 62 LOS ANGELES             298
KREBS, 62 LOS ANGELES             3.7   GOLA, 62 PHILADELPHIA             297
SCOTT, 62 DETROIT                 3.7   TWYMAN, 62 CINCINNATI             296
TWYMAN, 62 CINCINNATI             3.7   HOWELL, 62 DETROIT                295
GUERIN, 62 NEW YORK               3.7   ARIZIN, 62 PHILADELPHIA           292

MOST VALUABLE PLAYER
CHAMBERLAIN, 62 PHILADELPHIA     5939
RUSSELL, 62 BOSTON               4350
ROBERTSON, 62 CINCINNATI         4290
BELLAMY, 62 CHICAGO              3621
PETTIT, 62 ST.LOUIS              3604
WEST, 62 LOS ANGELES             3050
BAYLOR, 62 LOS ANGELES           3019
GUERIN, 62 NEW YORK              2947
KERR, 62 SYRACUSE                2718
GREER, 62 SYRACUSE               2630


                         OFFENSIVE TOTALS
             G  FGA  FGM  PCT  FTA  FTM  PCT  REB  AST   PF STL BLK   PTS   AVG
62 PHILADEL 80 9012 3973 .441 3059 2077 .679 5698 2052 1888 701 446 10023 125.3
62 BOSTON   80 9464 3999 .423 2680 1891 .706 6298 2005 1909 668 443  9889 123.6
62 SYRACUSE 80 9260 3823 .413 2888 2235 .774 5896 1768 1839 628 329  9881 123.5
62 CINCINNA 80 8531 3884 .455 2846 2110 .741 5042 2102 2003 680 390  9878 123.5
62 ST.LOUIS 80 8400 3609 .430 2877 2170 .754 4936 1908 2020 649 364  9388 117.3
62 LOS ANGE 80 8325 3516 .422 3234 2349 .726 5174 1808 2025 680 361  9381 117.3
62 DETROIT  80 8370 3600 .430 2972 2143 .721 5243 1742 2013 708 386  9343 116.8
62 NEW YORK 80 9005 3746 .416 2600 1809 .696 5339 1763 1981 659 379  9301 116.3
62 CHICAGO  80 8521 3530 .414 2795 1828 .654 5209 1801 1995 643 359  8888 111.1

                         DEFENSIVE TOTALS
             G  FGA  FGM  PCT  FTA  FTM  PCT  REB  AST   PF STL BLK   PTS   AVG
62 BOSTON   80 9270 3557 .384 2753 1986 .721 5678 1817 1902 691 410  9100 113.8
62 DETROIT  80 8510 3514 .413 3031 2182 .720 5343 1772 2007 680 379  9210 115.1
62 LOS ANGE 80 8496 3626 .427 3025 2163 .715 5345 1820 2124 692 378  9415 117.7
62 CHICAGO  80 8534 3710 .435 2914 2119 .727 5505 1867 1874 681 400  9539 119.2
62 PHILADEL 80 9065 3823 .422 2727 1959 .718 5478 1898 2045 656 363  9605 120.1
62 SYRACUSE 80 9206 3880 .421 2625 1878 .715 5537 1966 1994 651 428  9638 120.5
62 NEW YORK 80 8746 3855 .441 2900 2009 .693 5651 1938 1826 604 387  9719 121.5
62 CINCINNA 80 8464 3819 .451 2963 2153 .727 5000 1927 1946 676 349  9791 122.4
62 ST.LOUIS 80 8597 3896 .453 3013 2163 .718 5298 1944 1955 685 363  9955 124.4
